[1/103] Building CXX object CMakeFiles/seam_production_ownership_tests.dir/tests/test_production_edit_ownership.cpp.o
[2/103] Building CXX object CMakeFiles/seam_tests.dir/tests/test_studio_manifest_draft.cpp.o
FAILED: [code=1] CMakeFiles/seam_tests.dir/tests/test_studio_manifest_draft.cpp.o 
/usr/bin/c++ -DSEAM_CRASH_CAPTURE_PROBE_PATH=\"/Users/lhs/Downloads/project-seam-usable-alpha-u3-master/build/release/seam_crash_capture_probe\" -DSEAM_DEBUG=0 -DSEAM_NEURAL_WORKER_PROBE=\"/Users/lhs/Downloads/project-seam-usable-alpha-u3-master/build/release/seam_neural_worker_probe\" -DSEAM_READING_CAPTURE_PROCESS_PROBE=\"/Users/lhs/Downloads/project-seam-usable-alpha-u3-master/build/release/seam_reading_capture_process_probe\" -DSEAM_SOURCE_PRODUCTION_VOICEBANK=\"/Users/lhs/Downloads/project-seam-usable-alpha-u3-master/assets/demo-human-voicebank-public-domain/production-bank\" -I/Users/lhs/Downloads/project-seam-usable-alpha-u3-master/tests -I/Users/lhs/Downloads/project-seam-usable-alpha-u3-master/phase12c/generated -I/Users/lhs/Downloads/project-seam-usable-alpha-u3-master/apps/seam-voicebank-studio-native -I/Users/lhs/Downloads/project-seam-usable-alpha-u3-master/libs/seam-distribution/include -I/Users/lhs/Downloads/project-seam-usable-alpha-u3-master/libs/seam-voicebank/include -I/Users/lhs/Downloads/project-seam-usable-alpha-u3-master/libs/seam-formats/include -I/Users/lhs/Downloads/project-seam-usable-alpha-u3-master/libs/seam-domain/include -I/Users/lhs/Downloads/project-seam-usable-alpha-u3-master/libs/seam-core/include -I/Users/lhs/Downloads/project-seam-usable-alpha-u3-master/build/release/generated -I/Users/lhs/Downloads/project-seam-usable-alpha-u3-master/libs/seam-editor-inspection/include -I/Users/lhs/Downloads/project-seam-usable-alpha-u3-master/libs/seam-editor-ui/include -I/Users/lhs/Downloads/project-seam-usable-alpha-u3-master/libs/seam-application/include -I/Users/lhs/Downloads/project-seam-usable-alpha-u3-master/libs/seam-phonemizer/include -I/Users/lhs/Downloads/project-seam-usable-alpha-u3-master/libs/seam-synthesis/include -I/Users/lhs/Downloads/project-seam-usable-alpha-u3-master/libs/seam-rendering/include -I/Users/lhs/Downloads/project-seam-usable-alpha-u3-master/libs/seam-voice-design/include -I/Users/lhs/Downloads/project-seam-usable-alpha-u3-master/libs/seam-text/include -I/Users/lhs/Downloads/project-seam-usable-alpha-u3-master/libs/seam-voicebank-production/include -I/Users/lhs/Downloads/project-seam-usable-alpha-u3-master/libs/seam-platform/include -I/Users/lhs/Downloads/project-seam-usable-alpha-u3-master/libs/seam-authoring-runtime/include -I/Users/lhs/Downloads/project-seam-usable-alpha-u3-master/libs/seam-interchange/include -I/Users/lhs/Downloads/project-seam-usable-alpha-u3-master/libs/seam-neural-synthesis/include -I/Users/lhs/Downloads/project-seam-usable-alpha-u3-master/libs/seam-clap/include -I/Users/lhs/Downloads/project-seam-usable-alpha-u3-master/libs/seam-native-ui/include -I/Users/lhs/Downloads/project-seam-usable-alpha-u3-master/libs/seam-character/include -I/Users/lhs/Downloads/project-seam-usable-alpha-u3-master/libs/seam-standalone/include -I/Users/lhs/Downloads/project-seam-usable-alpha-u3-master/libs/seam-clap-editor/include -I/Users/lhs/Downloads/project-seam-usable-alpha-u3-master/phase12c/include -I/Users/lhs/Downloads/project-seam-usable-alpha-u3-master/libs/seam-live-voice/include -isystem /Users/lhs/Downloads/project-seam-usable-alpha-u3-master/third_party/clap/include -isystem /opt/homebrew/Cellar/openssl@3/3.6.3/include -O3 -DNDEBUG -std=c++20 -arch arm64 -fPIE -Wall -Wextra -Wpedantic -Wconversion -Wsign-conversion -Wshadow -Wnon-virtual-dtor -Wold-style-cast -Woverloaded-virtual -Werror -include /Users/lhs/Downloads/project-seam-usable-alpha-u3-master/cmake/AppleClangStopTokenCompatibility.hpp -MD -MT CMakeFiles/seam_tests.dir/tests/test_studio_manifest_draft.cpp.o -MF CMakeFiles/seam_tests.dir/tests/test_studio_manifest_draft.cpp.o.d -o CMakeFiles/seam_tests.dir/tests/test_studio_manifest_draft.cpp.o -c /Users/lhs/Downloads/project-seam-usable-alpha-u3-master/tests/test_studio_manifest_draft.cpp
/Users/lhs/Downloads/project-seam-usable-alpha-u3-master/tests/test_studio_manifest_draft.cpp:293:45: error: 'selectedAudioPath' is a private member of 'seam::native_ui::VoicebankStudioController'
  293 |   const auto audioPath = fixture.controller.selectedAudioPath();
      |                                             ^
/Users/lhs/Downloads/project-seam-usable-alpha-u3-master/libs/seam-native-ui/include/seam/native_ui/voicebank_studio.hpp:324:39: note: declared private here
  324 |   [[nodiscard]] std::filesystem::path selectedAudioPath() const;
      |                                       ^
/Users/lhs/Downloads/project-seam-usable-alpha-u3-master/tests/test_studio_manifest_draft.cpp:309:52: error: 'selectedAudioPath' is a private member of 'seam::native_ui::VoicebankStudioController'
  309 |   CHECK(std::filesystem::remove(fixture.controller.selectedAudioPath()));
      |                                                    ^
/Users/lhs/Downloads/project-seam-usable-alpha-u3-master/libs/seam-native-ui/include/seam/native_ui/voicebank_studio.hpp:324:39: note: declared private here
  324 |   [[nodiscard]] std::filesystem::path selectedAudioPath() const;
      |                                       ^
/Users/lhs/Downloads/project-seam-usable-alpha-u3-master/tests/test_studio_manifest_draft.cpp:340:81: error: 'selectedAudioPath' is a private member of 'seam::native_ui::VoicebankStudioController'
  340 |   Controller controller; CHECK(controller.openManifest(path)); CHECK(controller.selectedAudioPath() == fixture.root / "raw.wav");
      |                                                                                 ^
/Users/lhs/Downloads/project-seam-usable-alpha-u3-master/libs/seam-native-ui/include/seam/native_ui/voicebank_studio.hpp:324:39: note: declared private here
  324 |   [[nodiscard]] std::filesystem::path selectedAudioPath() const;
      |                                       ^
3 errors generated.
[3/103] Building CXX object CMakeFiles/seam_studio_manifest_draft_tests.dir/tests/test_studio_manifest_draft.cpp.o
FAILED: [code=1] CMakeFiles/seam_studio_manifest_draft_tests.dir/tests/test_studio_manifest_draft.cpp.o 
/usr/bin/c++ -DSEAM_DEBUG=0 -I/Users/lhs/Downloads/project-seam-usable-alpha-u3-master/tests -I/Users/lhs/Downloads/project-seam-usable-alpha-u3-master/libs/seam-native-ui/include -I/Users/lhs/Downloads/project-seam-usable-alpha-u3-master/libs/seam-authoring-runtime/include -I/Users/lhs/Downloads/project-seam-usable-alpha-u3-master/libs/seam-rendering/include -I/Users/lhs/Downloads/project-seam-usable-alpha-u3-master/libs/seam-voicebank/include -I/Users/lhs/Downloads/project-seam-usable-alpha-u3-master/libs/seam-voice-design/include -I/Users/lhs/Downloads/project-seam-usable-alpha-u3-master/libs/seam-formats/include -I/Users/lhs/Downloads/project-seam-usable-alpha-u3-master/libs/seam-domain/include -I/Users/lhs/Downloads/project-seam-usable-alpha-u3-master/libs/seam-core/include -I/Users/lhs/Downloads/project-seam-usable-alpha-u3-master/build/release/generated -I/Users/lhs/Downloads/project-seam-usable-alpha-u3-master/libs/seam-text/include -I/Users/lhs/Downloads/project-seam-usable-alpha-u3-master/libs/seam-phonemizer/include -I/Users/lhs/Downloads/project-seam-usable-alpha-u3-master/libs/seam-synthesis/include -I/Users/lhs/Downloads/project-seam-usable-alpha-u3-master/libs/seam-distribution/include -I/Users/lhs/Downloads/project-seam-usable-alpha-u3-master/libs/seam-application/include -I/Users/lhs/Downloads/project-seam-usable-alpha-u3-master/libs/seam-interchange/include -I/Users/lhs/Downloads/project-seam-usable-alpha-u3-master/libs/seam-voicebank-production/include -I/Users/lhs/Downloads/project-seam-usable-alpha-u3-master/libs/seam-character/include -I/Users/lhs/Downloads/project-seam-usable-alpha-u3-master/libs/seam-editor-inspection/include -I/Users/lhs/Downloads/project-seam-usable-alpha-u3-master/libs/seam-editor-ui/include -I/Users/lhs/Downloads/project-seam-usable-alpha-u3-master/libs/seam-platform/include -isystem /opt/homebrew/Cellar/openssl@3/3.6.3/include -O3 -DNDEBUG -std=c++20 -arch arm64 -fPIE -Wall -Wextra -Wpedantic -Wconversion -Wsign-conversion -Wshadow -Wnon-virtual-dtor -Wold-style-cast -Woverloaded-virtual -Werror -include /Users/lhs/Downloads/project-seam-usable-alpha-u3-master/cmake/AppleClangStopTokenCompatibility.hpp -MD -MT CMakeFiles/seam_studio_manifest_draft_tests.dir/tests/test_studio_manifest_draft.cpp.o -MF CMakeFiles/seam_studio_manifest_draft_tests.dir/tests/test_studio_manifest_draft.cpp.o.d -o CMakeFiles/seam_studio_manifest_draft_tests.dir/tests/test_studio_manifest_draft.cpp.o -c /Users/lhs/Downloads/project-seam-usable-alpha-u3-master/tests/test_studio_manifest_draft.cpp
/Users/lhs/Downloads/project-seam-usable-alpha-u3-master/tests/test_studio_manifest_draft.cpp:293:45: error: 'selectedAudioPath' is a private member of 'seam::native_ui::VoicebankStudioController'
  293 |   const auto audioPath = fixture.controller.selectedAudioPath();
      |                                             ^
/Users/lhs/Downloads/project-seam-usable-alpha-u3-master/libs/seam-native-ui/include/seam/native_ui/voicebank_studio.hpp:324:39: note: declared private here
  324 |   [[nodiscard]] std::filesystem::path selectedAudioPath() const;
      |                                       ^
/Users/lhs/Downloads/project-seam-usable-alpha-u3-master/tests/test_studio_manifest_draft.cpp:309:52: error: 'selectedAudioPath' is a private member of 'seam::native_ui::VoicebankStudioController'
  309 |   CHECK(std::filesystem::remove(fixture.controller.selectedAudioPath()));
      |                                                    ^
/Users/lhs/Downloads/project-seam-usable-alpha-u3-master/libs/seam-native-ui/include/seam/native_ui/voicebank_studio.hpp:324:39: note: declared private here
  324 |   [[nodiscard]] std::filesystem::path selectedAudioPath() const;
      |                                       ^
/Users/lhs/Downloads/project-seam-usable-alpha-u3-master/tests/test_studio_manifest_draft.cpp:340:81: error: 'selectedAudioPath' is a private member of 'seam::native_ui::VoicebankStudioController'
  340 |   Controller controller; CHECK(controller.openManifest(path)); CHECK(controller.selectedAudioPath() == fixture.root / "raw.wav");
      |                                                                                 ^
/Users/lhs/Downloads/project-seam-usable-alpha-u3-master/libs/seam-native-ui/include/seam/native_ui/voicebank_studio.hpp:324:39: note: declared private here
  324 |   [[nodiscard]] std::filesystem::path selectedAudioPath() const;
      |                                       ^
3 errors generated.
[4/103] Building CXX object CMakeFiles/seam_studio_sample_review_tests.dir/tests/test_studio_sample_review.cpp.o
[5/103] Building CXX object CMakeFiles/seam_production_staging_tests.dir/tests/test_production_operation_staging.cpp.o
ninja: build stopped: subcommand failed.

